---
source: tests/snapshot_tests.rs
expression: output
---
// FR6.3: JSDoc comment preservation - JSDoc should stay with their elements

/**
 * Main application file
 * @module app
*/
import React from 'react';

import { helper } from './helper';

/**
 * Complex class with multiple JSDoc comments
 * @class
 * @implements {EventTarget}
*/
export class EventEmitter {
    constructor(){}

    on(event: string, handler: Function): void {}
}

/**
 * @deprecated Use UserCard instead
*/
export function OldUserCard(props: User) {
    return null;
}
/**
 * React component for displaying user info
 * @component
 * @param {User} props - The user to display
*/
export function UserCard(props: User) {
    return null;
}

/** Single line JSDoc */
export const VERSION = '1.0.0';

/**
 * Calculates the sum of two numbers
 * @param {number} a - First number
 * @param {number} b - Second number
 * @returns {number} The sum of a and b
*/
function add(a: number, b: number): number {
    return a + b;
}

/**
 * User interface definition
 * @interface
*/
interface User {
    name: string;
    age: number;
}
