---
source: tests/snapshot_tests.rs
expression: output
---
// FR3.5: Enum members should be sorted (string enums only)

// Another string enum
enum Color {
    Blue = 'blue',
    Green = 'green',
    Red = 'red',
    Yellow = 'yellow'
}
// Mixed enum - should NOT be sorted
enum Mixed {
    A,
    B = 5,
    C,
    D = 'delta'
}
// Numeric enum - should NOT be sorted (preserve values)
enum Priority {
    Low = 1,
    High = 3,
    Medium = 2,
    Critical = 4
}
// String enum - should be sorted
enum Status {
    Error = 'error',
    Loading = 'loading',
    Pending = 'pending',
    Success = 'success'
}
