---
source: tests/snapshot_tests.rs
expression: output
---
// FR2.3: Interleaved dependencies - exports and non-exports mixed

export function checkAdmin(user: User): boolean {
    const admin = user as AdminUser;
    return validateAdmin(admin);
}
export function getUsername(user: User): string {
    return processUser(user);
}

// Export depends on non-export that depends on export
export interface SuperAdmin extends AdminUser {
    superPowers: boolean;
}
// Export depends on non-export
export interface User extends BaseUser {
    name: string;
}

// Non-export depends on export
interface AdminUser extends User {
    permissions: string[];
}
// Base types
interface BaseUser {
    id: string;
}

// Function pattern
function processUser(user: User): string {
    return user.name;
}
function validateAdmin(admin: AdminUser): boolean {
    return admin.permissions.length > 0;
}
