---
source: tests/snapshot_tests.rs
expression: output
---
// FR3.3: Test complex class with mixed visibility patterns
class MixedVisibilityClass {
    // Mix everything up to ensure proper sorting
    // Some public methods

    // Static fields mixed in
    static API_KEY = 'abc123';
    // Static public field
    static VERSION = '1.0.0';
    static #SECRET_KEY = 'secret';
    // Private static field
    static #config = {
        api: 'https://api.example.com'
    };
    // Public static method
    static getInstance() {
        return new MixedVisibilityClass('default');
    }
    // Private static method
    static #generateId() {
        return Math.random().toString(36);
    }
    // Another public field
    active = true;
    // Public field
    name: string;
    // Another private field
    #id: number;
    // Private getter/setter
    #privateValue = 100;
    // Constructor
    constructor(name: string){
        this.name = name;
        this.#id = Math.random();
    }
    // More public methods
    aPublicMethod() {
        return 'a';
    }
    bPublicMethod() {
        return 'b';
    }
    // Getters and setters (treated as methods)
    get id() {
        return this.#id;
    }
    set id(value: number) {
        this.#id = value;
    }
    zPublicMethod() {
        return 'z';
    }
    // Another private method
    #processData(data: any) {
        return data;
    }
    // Private method
    #validateName(name: string): boolean {
        return name.length > 0;
    }
    get #value() {
        return this.#privateValue;
    }
    set #value(v: number) {
        this.#privateValue = v;
    }
}
