---
source: tests/snapshot_tests.rs
expression: output
---
// FR1.1: Import aliases should be parsed and preserved
import React, { Component as ReactComponent } from 'react';

import { Component as MyComponent } from '@ui/components';

import { default as DefaultExport } from './default';
import { foo as bar } from './module';

export const App = ()=>{
    return <MyComponent/>;
};
