---
source: tests/snapshot_tests.rs
expression: output
---
import React, { type FC, type ReactNode } from 'react';

import type { Config } from '@config/types';

import { type Settings, type Theme } from './settings';
import type { User } from './types';

export const App: FC = ()=>{
    return null;
};
